Job Application Tracker running with self-healing (Ctrl+C to stop)
{"timestamp": "2026-08-04T01:00:23.175Z", "event": "healable_agent_startup", "agent_id": "job-application-tracker"}
{"timestamp": "2026-08-04T01:00:23.185Z", "event": "totals_reported", "agent_id": "job-application-tracker", "total": 0}
{"timestamp": "2026-08-04T01:00:23.186Z", "event": "self_healing_manager_started", "agent_id": "job-application-tracker", "check_interval": 15}
{"timestamp": "2026-08-04T01:00:23.189Z", "event": "queue_healer_no_queue", "agent_id": "job-application-tracker"}
{"timestamp": "2026-08-04T01:00:38.195Z", "event": "queue_healer_no_queue", "agent_id": "job-application-tracker"}
{"timestamp": "2026-08-04T01:00:53.198Z", "event": "queue_healer_no_queue", "agent_id": "job-application-tracker"}
{"timestamp": "2026-08-04T01:01:08.206Z", "event": "queue_healer_no_queue", "agent_id": "job-application-tracker"}
{"timestamp": "2026-08-04T01:01:23.190Z", "event": "totals_reported", "agent_id": "job-application-tracker", "total": 0}
{"timestamp": "2026-08-04T01:01:23.209Z", "event": "queue_healer_no_queue", "agent_id": "job-application-tracker"}
{"timestamp": "2026-08-04T01:01:38.215Z", "event": "queue_healer_no_queue", "agent_id": "job-application-tracker"}
{"timestamp": "2026-08-04T01:01:53.219Z", "event": "queue_healer_no_queue", "agent_id": "job-application-tracker"}
{"timestamp": "2026-08-04T01:02:08.222Z", "event": "queue_healer_no_queue", "agent_id": "job-application-tracker"}
{"timestamp": "2026-08-04T01:02:23.202Z", "event": "totals_reported", "agent_id": "job-application-tracker", "total": 0}
{"timestamp": "2026-08-04T01:02:23.228Z", "event": "queue_healer_no_queue", "agent_id": "job-application-tracker"}
{"timestamp": "2026-08-04T01:02:38.236Z", "event": "queue_healer_no_queue", "agent_id": "job-application-tracker"}
{"timestamp": "2026-08-04T01:02:38.237Z", "event": "agent_degraded_start", "agent_id": "job-application-tracker", "error_rate": 0.0}
{"timestamp": "2026-08-04T01:02:53.244Z", "event": "queue_healer_no_queue", "agent_id": "job-application-tracker"}
{"timestamp": "2026-08-04T01:02:53.245Z", "event": "agent_still_degraded", "agent_id": "job-application-tracker", "seconds_until_restart": 44.991414, "error_rate": 0.0}
{"timestamp": "2026-08-04T01:03:08.254Z", "event": "queue_healer_no_queue", "agent_id": "job-application-tracker"}
{"timestamp": "2026-08-04T01:03:08.255Z", "event": "agent_still_degraded", "agent_id": "job-application-tracker", "seconds_until_restart": 29.982237, "error_rate": 0.0}
{"timestamp": "2026-08-04T01:03:23.212Z", "event": "totals_reported", "agent_id": "job-application-tracker", "total": 0}
{"timestamp": "2026-08-04T01:03:23.261Z", "event": "queue_healer_no_queue", "agent_id": "job-application-tracker"}
{"timestamp": "2026-08-04T01:03:23.261Z", "event": "agent_still_degraded", "agent_id": "job-application-tracker", "seconds_until_restart": 14.976018000000003, "error_rate": 0.0}
{"timestamp": "2026-08-04T01:03:38.267Z", "event": "queue_healer_no_queue", "agent_id": "job-application-tracker"}
{"timestamp": "2026-08-04T01:03:38.268Z", "event": "auto_restart_triggered", "agent_id": "job-application-tracker", "reason": "degraded_too_long", "degraded_for_seconds": 60.031478, "error_rate": 0.0}
{"timestamp": "2026-08-04T01:03:38.268Z", "event": "auto_restart_shutdown_start", "agent_id": "job-application-tracker"}
{"timestamp": "2026-08-04T01:03:38.269Z", "event": "healable_agent_shutdown", "agent_id": "job-application-tracker"}
{"timestamp": "2026-08-04T01:03:38.269Z", "event": "auto_restart_waiting", "agent_id": "job-application-tracker", "wait_seconds": 10}
{"timestamp": "2026-08-04T01:03:48.270Z", "event": "auto_restart_startup_start", "agent_id": "job-application-tracker"}
{"timestamp": "2026-08-04T01:03:48.271Z", "event": "healable_agent_startup", "agent_id": "job-application-tracker"}
{"timestamp": "2026-08-04T01:03:48.277Z", "event": "auto_restart_completed_successfully", "agent_id": "job-application-tracker"}
{"timestamp": "2026-08-04T01:04:03.285Z", "event": "queue_healer_no_queue", "agent_id": "job-application-tracker"}
{"timestamp": "2026-08-04T01:04:18.293Z", "event": "queue_healer_no_queue", "agent_id": "job-application-tracker"}
{"timestamp": "2026-08-04T01:04:23.221Z", "event": "totals_reported", "agent_id": "job-application-tracker", "total": 0}
{"timestamp": "2026-08-04T01:04:33.302Z", "event": "queue_healer_no_queue", "agent_id": "job-application-tracker"}
{"timestamp": "2026-08-04T01:04:48.309Z", "event": "queue_healer_no_queue", "agent_id": "job-application-tracker"}
{"timestamp": "2026-08-04T01:05:03.319Z", "event": "queue_healer_no_queue", "agent_id": "job-application-tracker"}
{"timestamp": "2026-08-04T01:05:18.328Z", "event": "queue_healer_no_queue", "agent_id": "job-application-tracker"}
{"timestamp": "2026-08-04T01:05:23.231Z", "event": "totals_reported", "agent_id": "job-application-tracker", "total": 0}
{"timestamp": "2026-08-04T01:05:33.336Z", "event": "queue_healer_no_queue", "agent_id": "job-application-tracker"}
{"timestamp": "2026-08-04T01:05:48.344Z", "event": "queue_healer_no_queue", "agent_id": "job-application-tracker"}
{"timestamp": "2026-08-04T01:06:03.351Z", "event": "queue_healer_no_queue", "agent_id": "job-application-tracker"}
{"timestamp": "2026-08-04T01:06:03.353Z", "event": "agent_degraded_start", "agent_id": "job-application-tracker", "error_rate": 0.0}
{"timestamp": "2026-08-04T01:06:18.366Z", "event": "queue_healer_no_queue", "agent_id": "job-application-tracker"}
{"timestamp": "2026-08-04T01:06:18.368Z", "event": "agent_still_degraded", "agent_id": "job-application-tracker", "seconds_until_restart": 44.984919, "error_rate": 0.0}
{"timestamp": "2026-08-04T01:06:23.242Z", "event": "totals_reported", "agent_id": "job-application-tracker", "total": 0}
{"timestamp": "2026-08-04T01:06:33.375Z", "event": "queue_healer_no_queue", "agent_id": "job-application-tracker"}
{"timestamp": "2026-08-04T01:06:33.376Z", "event": "agent_still_degraded", "agent_id": "job-application-tracker", "seconds_until_restart": 29.976648, "error_rate": 0.0}
{"timestamp": "2026-08-04T01:06:48.383Z", "event": "queue_healer_no_queue", "agent_id": "job-application-tracker"}
{"timestamp": "2026-08-04T01:06:48.384Z", "event": "agent_still_degraded", "agent_id": "job-application-tracker", "seconds_until_restart": 14.968905999999997, "error_rate": 0.0}
{"timestamp": "2026-08-04T01:07:03.390Z", "event": "queue_healer_no_queue", "agent_id": "job-application-tracker"}
{"timestamp": "2026-08-04T01:07:03.391Z", "event": "auto_restart_triggered", "agent_id": "job-application-tracker", "reason": "degraded_too_long", "degraded_for_seconds": 60.038882, "error_rate": 0.0}
{"timestamp": "2026-08-04T01:07:03.392Z", "event": "auto_restart_shutdown_start", "agent_id": "job-application-tracker"}
{"timestamp": "2026-08-04T01:07:03.392Z", "event": "healable_agent_shutdown", "agent_id": "job-application-tracker"}
{"timestamp": "2026-08-04T01:07:03.392Z", "event": "auto_restart_waiting", "agent_id": "job-application-tracker", "wait_seconds": 10}
{"timestamp": "2026-08-04T01:07:13.393Z", "event": "auto_restart_startup_start", "agent_id": "job-application-tracker"}
{"timestamp": "2026-08-04T01:07:13.393Z", "event": "healable_agent_startup", "agent_id": "job-application-tracker"}
{"timestamp": "2026-08-04T01:07:13.399Z", "event": "auto_restart_completed_successfully", "agent_id": "job-application-tracker"}
{"timestamp": "2026-08-04T01:07:23.251Z", "event": "totals_reported", "agent_id": "job-application-tracker", "total": 0}
{"timestamp": "2026-08-04T01:07:28.407Z", "event": "queue_healer_no_queue", "agent_id": "job-application-tracker"}
{"timestamp": "2026-08-04T01:07:43.412Z", "event": "queue_healer_no_queue", "agent_id": "job-application-tracker"}
{"timestamp": "2026-08-04T01:07:58.421Z", "event": "queue_healer_no_queue", "agent_id": "job-application-tracker"}
{"timestamp": "2026-08-04T01:08:13.430Z", "event": "queue_healer_no_queue", "agent_id": "job-application-tracker"}
{"timestamp": "2026-08-04T01:08:23.262Z", "event": "totals_reported", "agent_id": "job-application-tracker", "total": 0}
{"timestamp": "2026-08-04T01:08:28.438Z", "event": "queue_healer_no_queue", "agent_id": "job-application-tracker"}
{"timestamp": "2026-08-04T01:08:43.445Z", "event": "queue_healer_no_queue", "agent_id": "job-application-tracker"}
{"timestamp": "2026-08-04T01:08:58.453Z", "event": "queue_healer_no_queue", "agent_id": "job-application-tracker"}
{"timestamp": "2026-08-04T01:09:13.460Z", "event": "queue_healer_no_queue", "agent_id": "job-application-tracker"}
{"timestamp": "2026-08-04T01:09:23.272Z", "event": "totals_reported", "agent_id": "job-application-tracker", "total": 0}
{"timestamp": "2026-08-04T01:09:28.468Z", "event": "queue_healer_no_queue", "agent_id": "job-application-tracker"}
{"timestamp": "2026-08-04T01:09:28.469Z", "event": "agent_degraded_start", "agent_id": "job-application-tracker", "error_rate": 0.0}
{"timestamp": "2026-08-04T01:09:43.476Z", "event": "queue_healer_no_queue", "agent_id": "job-application-tracker"}
{"timestamp": "2026-08-04T01:09:43.476Z", "event": "agent_still_degraded", "agent_id": "job-application-tracker", "seconds_until_restart": 44.992608000000004, "error_rate": 0.0}
{"timestamp": "2026-08-04T01:09:58.483Z", "event": "queue_healer_no_queue", "agent_id": "job-application-tracker"}
{"timestamp": "2026-08-04T01:09:58.483Z", "event": "agent_still_degraded", "agent_id": "job-application-tracker", "seconds_until_restart": 29.985311, "error_rate": 0.0}
{"timestamp": "2026-08-04T01:10:13.491Z", "event": "queue_healer_no_queue", "agent_id": "job-application-tracker"}
{"timestamp": "2026-08-04T01:10:13.491Z", "event": "agent_still_degraded", "agent_id": "job-application-tracker", "seconds_until_restart": 14.977910999999999, "error_rate": 0.0}
{"timestamp": "2026-08-04T01:10:23.281Z", "event": "totals_reported", "agent_id": "job-application-tracker", "total": 0}
{"timestamp": "2026-08-04T01:10:28.497Z", "event": "queue_healer_no_queue", "agent_id": "job-application-tracker"}
{"timestamp": "2026-08-04T01:10:28.498Z", "event": "auto_restart_triggered", "agent_id": "job-application-tracker", "reason": "degraded_too_long", "degraded_for_seconds": 60.028768, "error_rate": 0.0}
{"timestamp": "2026-08-04T01:10:28.498Z", "event": "auto_restart_shutdown_start", "agent_id": "job-application-tracker"}
{"timestamp": "2026-08-04T01:10:28.498Z", "event": "healable_agent_shutdown", "agent_id": "job-application-tracker"}
{"timestamp": "2026-08-04T01:10:28.498Z", "event": "auto_restart_waiting", "agent_id": "job-application-tracker", "wait_seconds": 10}
{"timestamp": "2026-08-04T01:10:38.499Z", "event": "auto_restart_startup_start", "agent_id": "job-application-tracker"}
{"timestamp": "2026-08-04T01:10:38.500Z", "event": "healable_agent_startup", "agent_id": "job-application-tracker"}
{"timestamp": "2026-08-04T01:10:38.505Z", "event": "auto_restart_completed_successfully", "agent_id": "job-application-tracker"}
{"timestamp": "2026-08-04T01:10:53.513Z", "event": "queue_healer_no_queue", "agent_id": "job-application-tracker"}
{"timestamp": "2026-08-04T01:11:08.522Z", "event": "queue_healer_no_queue", "agent_id": "job-application-tracker"}
{"timestamp": "2026-08-04T01:11:23.288Z", "event": "totals_reported", "agent_id": "job-application-tracker", "total": 0}
{"timestamp": "2026-08-04T01:11:23.530Z", "event": "queue_healer_no_queue", "agent_id": "job-application-tracker"}
{"timestamp": "2026-08-04T01:11:38.537Z", "event": "queue_healer_no_queue", "agent_id": "job-application-tracker"}
{"timestamp": "2026-08-04T01:11:53.545Z", "event": "queue_healer_no_queue", "agent_id": "job-application-tracker"}
{"timestamp": "2026-08-04T01:12:08.554Z", "event": "queue_healer_no_queue", "agent_id": "job-application-tracker"}
{"timestamp": "2026-08-04T01:12:23.301Z", "event": "totals_reported", "agent_id": "job-application-tracker", "total": 0}
{"timestamp": "2026-08-04T01:12:23.561Z", "event": "queue_healer_no_queue", "agent_id": "job-application-tracker"}
{"timestamp": "2026-08-04T01:12:38.568Z", "event": "queue_healer_no_queue", "agent_id": "job-application-tracker"}
{"timestamp": "2026-08-04T01:12:53.577Z", "event": "queue_healer_no_queue", "agent_id": "job-application-tracker"}
{"timestamp": "2026-08-04T01:12:53.578Z", "event": "agent_degraded_start", "agent_id": "job-application-tracker", "error_rate": 0.0}
{"timestamp": "2026-08-04T01:13:08.584Z", "event": "queue_healer_no_queue", "agent_id": "job-application-tracker"}
{"timestamp": "2026-08-04T01:13:08.585Z", "event": "agent_still_degraded", "agent_id": "job-application-tracker", "seconds_until_restart": 44.992751, "error_rate": 0.0}
{"timestamp": "2026-08-04T01:13:23.312Z", "event": "totals_reported", "agent_id": "job-application-tracker", "total": 0}
{"timestamp": "2026-08-04T01:13:23.592Z", "event": "healing_cycle_server_down", "agent_id": "job-application-tracker"}
{"timestamp": "2026-08-04T01:13:23.593Z", "event": "auto_reconnect_started", "agent_id": "job-application-tracker", "max_attempts": 5}
{"timestamp": "2026-08-04T01:13:23.597Z", "event": "auto_reconnect_attempt_failed", "agent_id": "job-application-tracker", "attempt": 1, "next_retry_in_seconds": 1.21}
{"timestamp": "2026-08-04T01:13:24.814Z", "event": "auto_reconnect_attempt_failed", "agent_id": "job-application-tracker", "attempt": 2, "next_retry_in_seconds": 2.79}
{"timestamp": "2026-08-04T01:13:27.610Z", "event": "auto_reconnect_attempt_failed", "agent_id": "job-application-tracker", "attempt": 3, "next_retry_in_seconds": 4.19}
{"timestamp": "2026-08-04T01:13:31.803Z", "event": "auto_reconnect_attempt_failed", "agent_id": "job-application-tracker", "attempt": 4, "next_retry_in_seconds": 8.76}
{"timestamp": "2026-08-04T01:13:40.566Z", "event": "auto_reconnect_attempt_failed", "agent_id": "job-application-tracker", "attempt": 5, "next_retry_in_seconds": 16.19}
{"timestamp": "2026-08-04T01:13:56.759Z", "event": "auto_reconnect_exhausted", "agent_id": "job-application-tracker", "consecutive_failures": 1}
{"timestamp": "2026-08-04T01:13:56.759Z", "event": "agent_recovered", "agent_id": "job-application-tracker", "status": "unhealthy"}
{"timestamp": "2026-08-04T01:14:11.769Z", "event": "healing_cycle_server_down", "agent_id": "job-application-tracker"}
{"timestamp": "2026-08-04T01:14:11.770Z", "event": "auto_reconnect_started", "agent_id": "job-application-tracker", "max_attempts": 5}
{"timestamp": "2026-08-04T01:14:11.773Z", "event": "auto_reconnect_attempt_failed", "agent_id": "job-application-tracker", "attempt": 1, "next_retry_in_seconds": 1.38}
{"timestamp": "2026-08-04T01:14:13.162Z", "event": "auto_reconnect_attempt_failed", "agent_id": "job-application-tracker", "attempt": 2, "next_retry_in_seconds": 2.6}
{"timestamp": "2026-08-04T01:14:15.771Z", "event": "auto_reconnect_attempt_failed", "agent_id": "job-application-tracker", "attempt": 3, "next_retry_in_seconds": 4.66}
{"timestamp": "2026-08-04T01:14:20.442Z", "event": "auto_reconnect_attempt_failed", "agent_id": "job-application-tracker", "attempt": 4, "next_retry_in_seconds": 8.5}
{"timestamp": "2026-08-04T01:14:23.322Z", "event": "totals_reported", "agent_id": "job-application-tracker", "total": 0}
{"timestamp": "2026-08-04T01:14:28.944Z", "event": "auto_reconnect_attempt_failed", "agent_id": "job-application-tracker", "attempt": 5, "next_retry_in_seconds": 16.19}
{"timestamp": "2026-08-04T01:14:45.137Z", "event": "auto_reconnect_exhausted", "agent_id": "job-application-tracker", "consecutive_failures": 2}
{"timestamp": "2026-08-04T01:15:00.147Z", "event": "healing_cycle_server_down", "agent_id": "job-application-tracker"}
{"timestamp": "2026-08-04T01:15:00.147Z", "event": "auto_reconnect_started", "agent_id": "job-application-tracker", "max_attempts": 5}
{"timestamp": "2026-08-04T01:15:00.150Z", "event": "auto_reconnect_attempt_failed", "agent_id": "job-application-tracker", "attempt": 1, "next_retry_in_seconds": 1.61}
{"timestamp": "2026-08-04T01:15:01.765Z", "event": "auto_reconnect_attempt_failed", "agent_id": "job-application-tracker", "attempt": 2, "next_retry_in_seconds": 2.57}
{"timestamp": "2026-08-04T01:15:04.341Z", "event": "auto_reconnect_attempt_failed", "agent_id": "job-application-tracker", "attempt": 3, "next_retry_in_seconds": 4.11}
{"timestamp": "2026-08-04T01:15:08.458Z", "event": "auto_reconnect_attempt_failed", "agent_id": "job-application-tracker", "attempt": 4, "next_retry_in_seconds": 8.53}
{"timestamp": "2026-08-04T01:15:17.002Z", "event": "auto_reconnect_attempt_failed", "agent_id": "job-application-tracker", "attempt": 5, "next_retry_in_seconds": 16.26}
{"timestamp": "2026-08-04T01:15:23.334Z", "event": "totals_reported", "agent_id": "job-application-tracker", "total": 0}
{"timestamp": "2026-08-04T01:15:33.260Z", "event": "auto_reconnect_exhausted", "agent_id": "job-application-tracker", "consecutive_failures": 3}
{"timestamp": "2026-08-04T01:15:48.269Z", "event": "healing_cycle_server_down", "agent_id": "job-application-tracker"}
{"timestamp": "2026-08-04T01:15:48.269Z", "event": "auto_reconnect_started", "agent_id": "job-application-tracker", "max_attempts": 5}
{"timestamp": "2026-08-04T01:15:48.272Z", "event": "auto_reconnect_attempt_failed", "agent_id": "job-application-tracker", "attempt": 1, "next_retry_in_seconds": 1.33}
{"timestamp": "2026-08-04T01:15:49.605Z", "event": "auto_reconnect_attempt_failed", "agent_id": "job-application-tracker", "attempt": 2, "next_retry_in_seconds": 2.09}
{"timestamp": "2026-08-04T01:15:51.700Z", "event": "auto_reconnect_attempt_failed", "agent_id": "job-application-tracker", "attempt": 3, "next_retry_in_seconds": 4.52}
{"timestamp": "2026-08-04T01:15:56.231Z", "event": "auto_reconnect_attempt_failed", "agent_id": "job-application-tracker", "attempt": 4, "next_retry_in_seconds": 8.27}
{"timestamp": "2026-08-04T01:16:04.510Z", "event": "auto_reconnect_attempt_failed", "agent_id": "job-application-tracker", "attempt": 5, "next_retry_in_seconds": 16.11}
{"timestamp": "2026-08-04T01:16:20.622Z", "event": "auto_reconnect_exhausted", "agent_id": "job-application-tracker", "consecutive_failures": 4}
{"timestamp": "2026-08-04T01:16:23.345Z", "event": "totals_reported", "agent_id": "job-application-tracker", "total": 0}
{"timestamp": "2026-08-04T01:16:35.630Z", "event": "healing_cycle_server_down", "agent_id": "job-application-tracker"}
{"timestamp": "2026-08-04T01:16:35.630Z", "event": "auto_reconnect_started", "agent_id": "job-application-tracker", "max_attempts": 5}
{"timestamp": "2026-08-04T01:16:35.633Z", "event": "auto_reconnect_attempt_failed", "agent_id": "job-application-tracker", "attempt": 1, "next_retry_in_seconds": 1.76}
{"timestamp": "2026-08-04T01:16:37.403Z", "event": "auto_reconnect_attempt_failed", "agent_id": "job-application-tracker", "attempt": 2, "next_retry_in_seconds": 2.17}
{"timestamp": "2026-08-04T01:16:39.580Z", "event": "auto_reconnect_attempt_failed", "agent_id": "job-application-tracker", "attempt": 3, "next_retry_in_seconds": 4.02}
{"timestamp": "2026-08-04T01:16:43.611Z", "event": "auto_reconnect_attempt_failed", "agent_id": "job-application-tracker", "attempt": 4, "next_retry_in_seconds": 8.83}
{"timestamp": "2026-08-04T01:16:52.453Z", "event": "auto_reconnect_attempt_failed", "agent_id": "job-application-tracker", "attempt": 5, "next_retry_in_seconds": 16.87}
{"timestamp": "2026-08-04T01:17:09.325Z", "event": "auto_reconnect_exhausted", "agent_id": "job-application-tracker", "consecutive_failures": 5}
{"timestamp": "2026-08-04T01:17:23.356Z", "event": "totals_reported", "agent_id": "job-application-tracker", "total": 0}
{"timestamp": "2026-08-04T01:17:24.332Z", "event": "healing_cycle_server_down", "agent_id": "job-application-tracker"}
{"timestamp": "2026-08-04T01:17:24.333Z", "event": "auto_reconnect_started", "agent_id": "job-application-tracker", "max_attempts": 5}
{"timestamp": "2026-08-04T01:17:24.336Z", "event": "auto_reconnect_attempt_failed", "agent_id": "job-application-tracker", "attempt": 1, "next_retry_in_seconds": 1.54}
{"timestamp": "2026-08-04T01:17:25.881Z", "event": "auto_reconnect_attempt_failed", "agent_id": "job-application-tracker", "attempt": 2, "next_retry_in_seconds": 2.4}
{"timestamp": "2026-08-04T01:17:28.289Z", "event": "auto_reconnect_attempt_failed", "agent_id": "job-application-tracker", "attempt": 3, "next_retry_in_seconds": 4.42}
{"timestamp": "2026-08-04T01:17:32.715Z", "event": "auto_reconnect_attempt_failed", "agent_id": "job-application-tracker", "attempt": 4, "next_retry_in_seconds": 8.89}
{"timestamp": "2026-08-04T01:17:41.612Z", "event": "auto_reconnect_attempt_failed", "agent_id": "job-application-tracker", "attempt": 5, "next_retry_in_seconds": 16.75}
{"timestamp": "2026-08-04T01:17:58.363Z", "event": "auto_reconnect_exhausted", "agent_id": "job-application-tracker", "consecutive_failures": 6}
{"timestamp": "2026-08-04T01:18:13.372Z", "event": "healing_cycle_server_down", "agent_id": "job-application-tracker"}
{"timestamp": "2026-08-04T01:18:13.372Z", "event": "auto_reconnect_started", "agent_id": "job-application-tracker", "max_attempts": 5}
{"timestamp": "2026-08-04T01:18:13.375Z", "event": "auto_reconnect_attempt_failed", "agent_id": "job-application-tracker", "attempt": 1, "next_retry_in_seconds": 1.57}
{"timestamp": "2026-08-04T01:18:14.949Z", "event": "auto_reconnect_attempt_failed", "agent_id": "job-application-tracker", "attempt": 2, "next_retry_in_seconds": 2.92}
{"timestamp": "2026-08-04T01:18:17.879Z", "event": "auto_reconnect_attempt_failed", "agent_id": "job-application-tracker", "attempt": 3, "next_retry_in_seconds": 4.54}
{"timestamp": "2026-08-04T01:18:22.427Z", "event": "auto_reconnect_attempt_failed", "agent_id": "job-application-tracker", "attempt": 4, "next_retry_in_seconds": 8.01}
{"timestamp": "2026-08-04T01:18:23.366Z", "event": "totals_reported", "agent_id": "job-application-tracker", "total": 0}
{"timestamp": "2026-08-04T01:18:30.440Z", "event": "auto_reconnect_attempt_failed", "agent_id": "job-application-tracker", "attempt": 5, "next_retry_in_seconds": 16.92}
{"timestamp": "2026-08-04T01:18:47.359Z", "event": "auto_reconnect_exhausted", "agent_id": "job-application-tracker", "consecutive_failures": 7}
{"timestamp": "2026-08-04T01:19:02.367Z", "event": "healing_cycle_server_down", "agent_id": "job-application-tracker"}
{"timestamp": "2026-08-04T01:19:02.367Z", "event": "auto_reconnect_started", "agent_id": "job-application-tracker", "max_attempts": 5}
{"timestamp": "2026-08-04T01:19:02.370Z", "event": "auto_reconnect_attempt_failed", "agent_id": "job-application-tracker", "attempt": 1, "next_retry_in_seconds": 1.57}
{"timestamp": "2026-08-04T01:19:03.945Z", "event": "auto_reconnect_attempt_failed", "agent_id": "job-application-tracker", "attempt": 2, "next_retry_in_seconds": 2.7}
{"timestamp": "2026-08-04T01:19:06.651Z", "event": "auto_reconnect_attempt_failed", "agent_id": "job-application-tracker", "attempt": 3, "next_retry_in_seconds": 4.94}
{"timestamp": "2026-08-04T01:19:11.602Z", "event": "auto_reconnect_attempt_failed", "agent_id": "job-application-tracker", "attempt": 4, "next_retry_in_seconds": 8.81}
{"timestamp": "2026-08-04T01:19:20.416Z", "event": "auto_reconnect_attempt_failed", "agent_id": "job-application-tracker", "attempt": 5, "next_retry_in_seconds": 16.3}
{"timestamp": "2026-08-04T01:19:23.375Z", "event": "totals_reported", "agent_id": "job-application-tracker", "total": 0}
{"timestamp": "2026-08-04T01:19:36.722Z", "event": "auto_reconnect_exhausted", "agent_id": "job-application-tracker", "consecutive_failures": 8}
{"timestamp": "2026-08-04T01:19:51.728Z", "event": "healing_cycle_server_down", "agent_id": "job-application-tracker"}
{"timestamp": "2026-08-04T01:19:51.728Z", "event": "auto_reconnect_started", "agent_id": "job-application-tracker", "max_attempts": 5}
{"timestamp": "2026-08-04T01:19:51.731Z", "event": "auto_reconnect_attempt_failed", "agent_id": "job-application-tracker", "attempt": 1, "next_retry_in_seconds": 1.0}
{"timestamp": "2026-08-04T01:19:52.740Z", "event": "auto_reconnect_attempt_failed", "agent_id": "job-application-tracker", "attempt": 2, "next_retry_in_seconds": 2.17}
{"timestamp": "2026-08-04T01:19:54.917Z", "event": "auto_reconnect_attempt_failed", "agent_id": "job-application-tracker", "attempt": 3, "next_retry_in_seconds": 4.95}
{"timestamp": "2026-08-04T01:19:59.875Z", "event": "auto_reconnect_attempt_failed", "agent_id": "job-application-tracker", "attempt": 4, "next_retry_in_seconds": 8.67}
{"timestamp": "2026-08-04T01:20:08.553Z", "event": "auto_reconnect_attempt_failed", "agent_id": "job-application-tracker", "attempt": 5, "next_retry_in_seconds": 16.86}
{"timestamp": "2026-08-04T01:20:23.388Z", "event": "totals_reported", "agent_id": "job-application-tracker", "total": 0}
{"timestamp": "2026-08-04T01:20:25.419Z", "event": "auto_reconnect_exhausted", "agent_id": "job-application-tracker", "consecutive_failures": 9}
{"timestamp": "2026-08-04T01:20:40.429Z", "event": "healing_cycle_server_down", "agent_id": "job-application-tracker"}
{"timestamp": "2026-08-04T01:20:40.430Z", "event": "auto_reconnect_started", "agent_id": "job-application-tracker", "max_attempts": 5}
{"timestamp": "2026-08-04T01:20:40.432Z", "event": "auto_reconnect_attempt_failed", "agent_id": "job-application-tracker", "attempt": 1, "next_retry_in_seconds": 1.88}
{"timestamp": "2026-08-04T01:20:42.317Z", "event": "auto_reconnect_attempt_failed", "agent_id": "job-application-tracker", "attempt": 2, "next_retry_in_seconds": 2.73}
{"timestamp": "2026-08-04T01:20:45.054Z", "event": "auto_reconnect_attempt_failed", "agent_id": "job-application-tracker", "attempt": 3, "next_retry_in_seconds": 4.61}
{"timestamp": "2026-08-04T01:20:49.675Z", "event": "auto_reconnect_attempt_failed", "agent_id": "job-application-tracker", "attempt": 4, "next_retry_in_seconds": 8.48}
{"timestamp": "2026-08-04T01:20:58.162Z", "event": "auto_reconnect_attempt_failed", "agent_id": "job-application-tracker", "attempt": 5, "next_retry_in_seconds": 16.53}
{"timestamp": "2026-08-04T01:21:14.694Z", "event": "auto_reconnect_exhausted", "agent_id": "job-application-tracker", "consecutive_failures": 10}
{"timestamp": "2026-08-04T01:21:23.398Z", "event": "totals_reported", "agent_id": "job-application-tracker", "total": 0}
{"timestamp": "2026-08-04T01:21:29.703Z", "event": "healing_cycle_server_down", "agent_id": "job-application-tracker"}
{"timestamp": "2026-08-04T01:21:29.703Z", "event": "auto_reconnect_started", "agent_id": "job-application-tracker", "max_attempts": 5}
{"timestamp": "2026-08-04T01:21:29.706Z", "event": "auto_reconnect_attempt_failed", "agent_id": "job-application-tracker", "attempt": 1, "next_retry_in_seconds": 1.6}
{"timestamp": "2026-08-04T01:21:31.315Z", "event": "auto_reconnect_attempt_failed", "agent_id": "job-application-tracker", "attempt": 2, "next_retry_in_seconds": 2.37}
{"timestamp": "2026-08-04T01:21:33.689Z", "event": "auto_reconnect_attempt_failed", "agent_id": "job-application-tracker", "attempt": 3, "next_retry_in_seconds": 4.49}
{"timestamp": "2026-08-04T01:21:38.188Z", "event": "auto_reconnect_attempt_failed", "agent_id": "job-application-tracker", "attempt": 4, "next_retry_in_seconds": 8.48}
{"timestamp": "2026-08-04T01:21:46.672Z", "event": "auto_reconnect_attempt_failed", "agent_id": "job-application-tracker", "attempt": 5, "next_retry_in_seconds": 16.38}
{"timestamp": "2026-08-04T01:22:03.059Z", "event": "auto_reconnect_exhausted", "agent_id": "job-application-tracker", "consecutive_failures": 11}
{"timestamp": "2026-08-04T01:22:18.068Z", "event": "healing_cycle_server_down", "agent_id": "job-application-tracker"}
{"timestamp": "2026-08-04T01:22:18.068Z", "event": "auto_reconnect_started", "agent_id": "job-application-tracker", "max_attempts": 5}
{"timestamp": "2026-08-04T01:22:18.071Z", "event": "auto_reconnect_attempt_failed", "agent_id": "job-application-tracker", "attempt": 1, "next_retry_in_seconds": 1.48}
{"timestamp": "2026-08-04T01:22:19.555Z", "event": "auto_reconnect_attempt_failed", "agent_id": "job-application-tracker", "attempt": 2, "next_retry_in_seconds": 2.05}
{"timestamp": "2026-08-04T01:22:21.615Z", "event": "auto_reconnect_attempt_failed", "agent_id": "job-application-tracker", "attempt": 3, "next_retry_in_seconds": 4.22}
{"timestamp": "2026-08-04T01:22:23.409Z", "event": "totals_reported", "agent_id": "job-application-tracker", "total": 0}
{"timestamp": "2026-08-04T01:22:25.843Z", "event": "auto_reconnect_attempt_failed", "agent_id": "job-application-tracker", "attempt": 4, "next_retry_in_seconds": 8.63}
{"timestamp": "2026-08-04T01:22:34.478Z", "event": "auto_reconnect_attempt_failed", "agent_id": "job-application-tracker", "attempt": 5, "next_retry_in_seconds": 16.63}
{"timestamp": "2026-08-04T01:22:51.114Z", "event": "auto_reconnect_exhausted", "agent_id": "job-application-tracker", "consecutive_failures": 12}
{"timestamp": "2026-08-04T01:23:06.122Z", "event": "healing_cycle_server_down", "agent_id": "job-application-tracker"}
{"timestamp": "2026-08-04T01:23:06.122Z", "event": "auto_reconnect_started", "agent_id": "job-application-tracker", "max_attempts": 5}
{"timestamp": "2026-08-04T01:23:06.125Z", "event": "auto_reconnect_attempt_failed", "agent_id": "job-application-tracker", "attempt": 1, "next_retry_in_seconds": 1.48}
{"timestamp": "2026-08-04T01:23:07.617Z", "event": "auto_reconnect_attempt_failed", "agent_id": "job-application-tracker", "attempt": 2, "next_retry_in_seconds": 2.94}
{"timestamp": "2026-08-04T01:23:10.562Z", "event": "auto_reconnect_attempt_failed", "agent_id": "job-application-tracker", "attempt": 3, "next_retry_in_seconds": 4.82}
{"timestamp": "2026-08-04T01:23:15.390Z", "event": "auto_reconnect_attempt_failed", "agent_id": "job-application-tracker", "attempt": 4, "next_retry_in_seconds": 8.03}
{"timestamp": "2026-08-04T01:23:23.419Z", "event": "totals_reported", "agent_id": "job-application-tracker", "total": 0}
{"timestamp": "2026-08-04T01:23:23.423Z", "event": "auto_reconnect_attempt_failed", "agent_id": "job-application-tracker", "attempt": 5, "next_retry_in_seconds": 16.96}
{"timestamp": "2026-08-04T01:23:40.383Z", "event": "auto_reconnect_exhausted", "agent_id": "job-application-tracker", "consecutive_failures": 13}
{"timestamp": "2026-08-04T01:23:55.391Z", "event": "healing_cycle_server_down", "agent_id": "job-application-tracker"}
{"timestamp": "2026-08-04T01:23:55.391Z", "event": "auto_reconnect_started", "agent_id": "job-application-tracker", "max_attempts": 5}
{"timestamp": "2026-08-04T01:23:55.394Z", "event": "auto_reconnect_attempt_failed", "agent_id": "job-application-tracker", "attempt": 1, "next_retry_in_seconds": 1.83}
{"timestamp": "2026-08-04T01:23:57.226Z", "event": "auto_reconnect_attempt_failed", "agent_id": "job-application-tracker", "attempt": 2, "next_retry_in_seconds": 2.05}
{"timestamp": "2026-08-04T01:23:59.286Z", "event": "auto_reconnect_attempt_failed", "agent_id": "job-application-tracker", "attempt": 3, "next_retry_in_seconds": 4.89}
{"timestamp": "2026-08-04T01:24:04.185Z", "event": "auto_reconnect_attempt_failed", "agent_id": "job-application-tracker", "attempt": 4, "next_retry_in_seconds": 8.08}
{"timestamp": "2026-08-04T01:24:12.271Z", "event": "auto_reconnect_attempt_failed", "agent_id": "job-application-tracker", "attempt": 5, "next_retry_in_seconds": 16.91}
{"timestamp": "2026-08-04T01:24:23.428Z", "event": "totals_reported", "agent_id": "job-application-tracker", "total": 0}
{"timestamp": "2026-08-04T01:24:29.181Z", "event": "auto_reconnect_exhausted", "agent_id": "job-application-tracker", "consecutive_failures": 14}
{"timestamp": "2026-08-04T01:24:44.189Z", "event": "healing_cycle_server_down", "agent_id": "job-application-tracker"}
{"timestamp": "2026-08-04T01:24:44.189Z", "event": "auto_reconnect_started", "agent_id": "job-application-tracker", "max_attempts": 5}
{"timestamp": "2026-08-04T01:24:44.192Z", "event": "auto_reconnect_attempt_failed", "agent_id": "job-application-tracker", "attempt": 1, "next_retry_in_seconds": 1.2}
{"timestamp": "2026-08-04T01:24:45.396Z", "event": "auto_reconnect_attempt_failed", "agent_id": "job-application-tracker", "attempt": 2, "next_retry_in_seconds": 2.42}
{"timestamp": "2026-08-04T01:24:47.821Z", "event": "auto_reconnect_attempt_failed", "agent_id": "job-application-tracker", "attempt": 3, "next_retry_in_seconds": 4.5}
{"timestamp": "2026-08-04T01:24:52.328Z", "event": "auto_reconnect_attempt_failed", "agent_id": "job-application-tracker", "attempt": 4, "next_retry_in_seconds": 8.82}
{"timestamp": "2026-08-04T01:25:01.158Z", "event": "auto_reconnect_attempt_failed", "agent_id": "job-application-tracker", "attempt": 5, "next_retry_in_seconds": 16.79}
{"timestamp": "2026-08-04T01:25:17.945Z", "event": "auto_reconnect_exhausted", "agent_id": "job-application-tracker", "consecutive_failures": 15}
{"timestamp": "2026-08-04T01:25:23.438Z", "event": "totals_reported", "agent_id": "job-application-tracker", "total": 0}
{"timestamp": "2026-08-04T01:25:32.954Z", "event": "healing_cycle_server_down", "agent_id": "job-application-tracker"}
{"timestamp": "2026-08-04T01:25:32.954Z", "event": "auto_reconnect_started", "agent_id": "job-application-tracker", "max_attempts": 5}
{"timestamp": "2026-08-04T01:25:32.957Z", "event": "auto_reconnect_attempt_failed", "agent_id": "job-application-tracker", "attempt": 1, "next_retry_in_seconds": 1.33}
{"timestamp": "2026-08-04T01:25:34.296Z", "event": "auto_reconnect_attempt_failed", "agent_id": "job-application-tracker", "attempt": 2, "next_retry_in_seconds": 2.31}
{"timestamp": "2026-08-04T01:25:36.616Z", "event": "auto_reconnect_attempt_failed", "agent_id": "job-application-tracker", "attempt": 3, "next_retry_in_seconds": 4.19}
{"timestamp": "2026-08-04T01:25:40.809Z", "event": "auto_reconnect_attempt_failed", "agent_id": "job-application-tracker", "attempt": 4, "next_retry_in_seconds": 8.26}
{"timestamp": "2026-08-04T01:25:49.074Z", "event": "auto_reconnect_attempt_failed", "agent_id": "job-application-tracker", "attempt": 5, "next_retry_in_seconds": 16.98}
{"timestamp": "2026-08-04T01:26:06.060Z", "event": "auto_reconnect_exhausted", "agent_id": "job-application-tracker", "consecutive_failures": 16}
{"timestamp": "2026-08-04T01:26:21.068Z", "event": "healing_cycle_server_down", "agent_id": "job-application-tracker"}
{"timestamp": "2026-08-04T01:26:21.069Z", "event": "auto_reconnect_started", "agent_id": "job-application-tracker", "max_attempts": 5}
{"timestamp": "2026-08-04T01:26:21.071Z", "event": "auto_reconnect_attempt_failed", "agent_id": "job-application-tracker", "attempt": 1, "next_retry_in_seconds": 1.26}
{"timestamp": "2026-08-04T01:26:22.344Z", "event": "auto_reconnect_attempt_failed", "agent_id": "job-application-tracker", "attempt": 2, "next_retry_in_seconds": 2.86}
{"timestamp": "2026-08-04T01:26:23.445Z", "event": "totals_reported", "agent_id": "job-application-tracker", "total": 0}
{"timestamp": "2026-08-04T01:26:25.212Z", "event": "auto_reconnect_attempt_failed", "agent_id": "job-application-tracker", "attempt": 3, "next_retry_in_seconds": 4.04}
{"timestamp": "2026-08-04T01:26:29.261Z", "event": "auto_reconnect_attempt_failed", "agent_id": "job-application-tracker", "attempt": 4, "next_retry_in_seconds": 8.6}
{"timestamp": "2026-08-04T01:26:37.871Z", "event": "auto_reconnect_attempt_failed", "agent_id": "job-application-tracker", "attempt": 5, "next_retry_in_seconds": 16.6}
{"timestamp": "2026-08-04T01:26:54.473Z", "event": "auto_reconnect_exhausted", "agent_id": "job-application-tracker", "consecutive_failures": 17}
{"timestamp": "2026-08-04T01:27:09.481Z", "event": "healing_cycle_server_down", "agent_id": "job-application-tracker"}
{"timestamp": "2026-08-04T01:27:09.482Z", "event": "auto_reconnect_started", "agent_id": "job-application-tracker", "max_attempts": 5}
{"timestamp": "2026-08-04T01:27:09.486Z", "event": "auto_reconnect_attempt_failed", "agent_id": "job-application-tracker", "attempt": 1, "next_retry_in_seconds": 1.52}
{"timestamp": "2026-08-04T01:27:11.010Z", "event": "auto_reconnect_attempt_failed", "agent_id": "job-application-tracker", "attempt": 2, "next_retry_in_seconds": 2.04}
{"timestamp": "2026-08-04T01:27:13.053Z", "event": "auto_reconnect_attempt_failed", "agent_id": "job-application-tracker", "attempt": 3, "next_retry_in_seconds": 4.77}
{"timestamp": "2026-08-04T01:27:17.830Z", "event": "auto_reconnect_attempt_failed", "agent_id": "job-application-tracker", "attempt": 4, "next_retry_in_seconds": 8.27}
{"timestamp": "2026-08-04T01:27:23.456Z", "event": "totals_reported", "agent_id": "job-application-tracker", "total": 0}
{"timestamp": "2026-08-04T01:27:26.112Z", "event": "auto_reconnect_attempt_failed", "agent_id": "job-application-tracker", "attempt": 5, "next_retry_in_seconds": 16.88}
{"timestamp": "2026-08-04T01:27:42.997Z", "event": "auto_reconnect_exhausted", "agent_id": "job-application-tracker", "consecutive_failures": 18}
{"timestamp": "2026-08-04T01:27:58.005Z", "event": "healing_cycle_server_down", "agent_id": "job-application-tracker"}
{"timestamp": "2026-08-04T01:27:58.005Z", "event": "auto_reconnect_started", "agent_id": "job-application-tracker", "max_attempts": 5}
{"timestamp": "2026-08-04T01:27:58.008Z", "event": "auto_reconnect_attempt_failed", "agent_id": "job-application-tracker", "attempt": 1, "next_retry_in_seconds": 1.26}
{"timestamp": "2026-08-04T01:27:59.274Z", "event": "auto_reconnect_attempt_failed", "agent_id": "job-application-tracker", "attempt": 2, "next_retry_in_seconds": 2.31}
{"timestamp": "2026-08-04T01:28:01.593Z", "event": "auto_reconnect_attempt_failed", "agent_id": "job-application-tracker", "attempt": 3, "next_retry_in_seconds": 4.36}
{"timestamp": "2026-08-04T01:28:05.966Z", "event": "auto_reconnect_attempt_failed", "agent_id": "job-application-tracker", "attempt": 4, "next_retry_in_seconds": 8.03}
{"timestamp": "2026-08-04T01:28:14.002Z", "event": "auto_reconnect_attempt_failed", "agent_id": "job-application-tracker", "attempt": 5, "next_retry_in_seconds": 16.87}
{"timestamp": "2026-08-04T01:28:23.468Z", "event": "totals_reported", "agent_id": "job-application-tracker", "total": 0}
{"timestamp": "2026-08-04T01:28:30.879Z", "event": "auto_reconnect_exhausted", "agent_id": "job-application-tracker", "consecutive_failures": 19}
{"timestamp": "2026-08-04T01:28:45.889Z", "event": "healing_cycle_server_down", "agent_id": "job-application-tracker"}
{"timestamp": "2026-08-04T01:28:45.889Z", "event": "auto_reconnect_started", "agent_id": "job-application-tracker", "max_attempts": 5}
{"timestamp": "2026-08-04T01:28:45.892Z", "event": "auto_reconnect_attempt_failed", "agent_id": "job-application-tracker", "attempt": 1, "next_retry_in_seconds": 1.6}
{"timestamp": "2026-08-04T01:28:47.497Z", "event": "auto_reconnect_attempt_failed", "agent_id": "job-application-tracker", "attempt": 2, "next_retry_in_seconds": 2.53}
{"timestamp": "2026-08-04T01:28:50.034Z", "event": "auto_reconnect_attempt_failed", "agent_id": "job-application-tracker", "attempt": 3, "next_retry_in_seconds": 4.76}
{"timestamp": "2026-08-04T01:28:54.808Z", "event": "auto_reconnect_attempt_failed", "agent_id": "job-application-tracker", "attempt": 4, "next_retry_in_seconds": 8.82}
{"timestamp": "2026-08-04T01:29:03.641Z", "event": "auto_reconnect_attempt_failed", "agent_id": "job-application-tracker", "attempt": 5, "next_retry_in_seconds": 16.92}
{"timestamp": "2026-08-04T01:29:20.565Z", "event": "auto_reconnect_exhausted", "agent_id": "job-application-tracker", "consecutive_failures": 20}
{"timestamp": "2026-08-04T01:29:23.479Z", "event": "totals_reported", "agent_id": "job-application-tracker", "total": 0}
{"timestamp": "2026-08-04T01:29:35.573Z", "event": "healing_cycle_server_down", "agent_id": "job-application-tracker"}
{"timestamp": "2026-08-04T01:29:35.573Z", "event": "auto_reconnect_started", "agent_id": "job-application-tracker", "max_attempts": 5}
{"timestamp": "2026-08-04T01:29:35.576Z", "event": "auto_reconnect_attempt_failed", "agent_id": "job-application-tracker", "attempt": 1, "next_retry_in_seconds": 1.31}
{"timestamp": "2026-08-04T01:29:36.898Z", "event": "auto_reconnect_attempt_failed", "agent_id": "job-application-tracker", "attempt": 2, "next_retry_in_seconds": 2.34}
{"timestamp": "2026-08-04T01:29:39.247Z", "event": "auto_reconnect_attempt_failed", "agent_id": "job-application-tracker", "attempt": 3, "next_retry_in_seconds": 4.7}
{"timestamp": "2026-08-04T01:29:43.960Z", "event": "auto_reconnect_attempt_failed", "agent_id": "job-application-tracker", "attempt": 4, "next_retry_in_seconds": 8.35}
{"timestamp": "2026-08-04T01:29:52.320Z", "event": "auto_reconnect_attempt_failed", "agent_id": "job-application-tracker", "attempt": 5, "next_retry_in_seconds": 16.32}
{"timestamp": "2026-08-04T01:30:08.641Z", "event": "auto_reconnect_exhausted", "agent_id": "job-application-tracker", "consecutive_failures": 21}
{"timestamp": "2026-08-04T01:30:23.489Z", "event": "totals_reported", "agent_id": "job-application-tracker", "total": 0}
{"timestamp": "2026-08-04T01:30:23.652Z", "event": "healing_cycle_server_down", "agent_id": "job-application-tracker"}
{"timestamp": "2026-08-04T01:30:23.652Z", "event": "auto_reconnect_started", "agent_id": "job-application-tracker", "max_attempts": 5}
{"timestamp": "2026-08-04T01:30:23.655Z", "event": "auto_reconnect_attempt_failed", "agent_id": "job-application-tracker", "attempt": 1, "next_retry_in_seconds": 1.78}
{"timestamp": "2026-08-04T01:30:25.442Z", "event": "auto_reconnect_attempt_failed", "agent_id": "job-application-tracker", "attempt": 2, "next_retry_in_seconds": 2.59}
{"timestamp": "2026-08-04T01:30:28.036Z", "event": "auto_reconnect_attempt_failed", "agent_id": "job-application-tracker", "attempt": 3, "next_retry_in_seconds": 4.21}
{"timestamp": "2026-08-04T01:30:32.252Z", "event": "auto_reconnect_attempt_failed", "agent_id": "job-application-tracker", "attempt": 4, "next_retry_in_seconds": 8.86}
{"timestamp": "2026-08-04T01:30:41.119Z", "event": "auto_reconnect_attempt_failed", "agent_id": "job-application-tracker", "attempt": 5, "next_retry_in_seconds": 16.96}
{"timestamp": "2026-08-04T01:30:58.084Z", "event": "auto_reconnect_exhausted", "agent_id": "job-application-tracker", "consecutive_failures": 22}
{"timestamp": "2026-08-04T01:31:13.093Z", "event": "healing_cycle_server_down", "agent_id": "job-application-tracker"}
{"timestamp": "2026-08-04T01:31:13.093Z", "event": "auto_reconnect_started", "agent_id": "job-application-tracker", "max_attempts": 5}
{"timestamp": "2026-08-04T01:31:13.096Z", "event": "auto_reconnect_attempt_failed", "agent_id": "job-application-tracker", "attempt": 1, "next_retry_in_seconds": 1.16}
{"timestamp": "2026-08-04T01:31:14.259Z", "event": "auto_reconnect_attempt_failed", "agent_id": "job-application-tracker", "attempt": 2, "next_retry_in_seconds": 2.52}
{"timestamp": "2026-08-04T01:31:16.785Z", "event": "auto_reconnect_attempt_failed", "agent_id": "job-application-tracker", "attempt": 3, "next_retry_in_seconds": 4.13}
{"timestamp": "2026-08-04T01:31:20.921Z", "event": "auto_reconnect_attempt_failed", "agent_id": "job-application-tracker", "attempt": 4, "next_retry_in_seconds": 8.68}
{"timestamp": "2026-08-04T01:31:23.501Z", "event": "totals_reported", "agent_id": "job-application-tracker", "total": 0}
{"timestamp": "2026-08-04T01:31:29.612Z", "event": "auto_reconnect_attempt_failed", "agent_id": "job-application-tracker", "attempt": 5, "next_retry_in_seconds": 16.35}
{"timestamp": "2026-08-04T01:31:45.968Z", "event": "auto_reconnect_exhausted", "agent_id": "job-application-tracker", "consecutive_failures": 23}
{"timestamp": "2026-08-04T01:32:00.977Z", "event": "healing_cycle_server_down", "agent_id": "job-application-tracker"}
{"timestamp": "2026-08-04T01:32:00.977Z", "event": "auto_reconnect_started", "agent_id": "job-application-tracker", "max_attempts": 5}
{"timestamp": "2026-08-04T01:32:00.980Z", "event": "auto_reconnect_attempt_failed", "agent_id": "job-application-tracker", "attempt": 1, "next_retry_in_seconds": 1.25}
{"timestamp": "2026-08-04T01:32:02.239Z", "event": "auto_reconnect_attempt_failed", "agent_id": "job-application-tracker", "attempt": 2, "next_retry_in_seconds": 2.24}
{"timestamp": "2026-08-04T01:32:04.489Z", "event": "auto_reconnect_attempt_failed", "agent_id": "job-application-tracker", "attempt": 3, "next_retry_in_seconds": 4.15}
{"timestamp": "2026-08-04T01:32:08.648Z", "event": "auto_reconnect_attempt_failed", "agent_id": "job-application-tracker", "attempt": 4, "next_retry_in_seconds": 8.03}
{"timestamp": "2026-08-04T01:32:16.682Z", "event": "auto_reconnect_attempt_failed", "agent_id": "job-application-tracker", "attempt": 5, "next_retry_in_seconds": 16.96}
{"timestamp": "2026-08-04T01:49:11.866Z", "event": "totals_reported", "agent_id": "job-application-tracker", "total": 0}
{"timestamp": "2026-08-04T01:49:21.999Z", "event": "auto_reconnect_exhausted", "agent_id": "job-application-tracker", "consecutive_failures": 24}
{"timestamp": "2026-08-04T01:49:37.006Z", "event": "healing_cycle_server_down", "agent_id": "job-application-tracker"}
{"timestamp": "2026-08-04T01:49:37.006Z", "event": "auto_reconnect_started", "agent_id": "job-application-tracker", "max_attempts": 5}
{"timestamp": "2026-08-04T01:49:37.009Z", "event": "auto_reconnect_attempt_failed", "agent_id": "job-application-tracker", "attempt": 1, "next_retry_in_seconds": 1.67}
{"timestamp": "2026-08-04T01:49:38.686Z", "event": "auto_reconnect_attempt_failed", "agent_id": "job-application-tracker", "attempt": 2, "next_retry_in_seconds": 2.12}
{"timestamp": "2026-08-04T01:49:40.816Z", "event": "auto_reconnect_attempt_failed", "agent_id": "job-application-tracker", "attempt": 3, "next_retry_in_seconds": 4.31}
{"timestamp": "2026-08-04T01:49:45.136Z", "event": "auto_reconnect_attempt_failed", "agent_id": "job-application-tracker", "attempt": 4, "next_retry_in_seconds": 8.51}
{"timestamp": "2026-08-04T01:49:53.656Z", "event": "auto_reconnect_attempt_failed", "agent_id": "job-application-tracker", "attempt": 5, "next_retry_in_seconds": 16.65}
{"timestamp": "2026-08-04T01:50:10.310Z", "event": "auto_reconnect_exhausted", "agent_id": "job-application-tracker", "consecutive_failures": 25}
{"timestamp": "2026-08-04T01:50:11.874Z", "event": "totals_reported", "agent_id": "job-application-tracker", "total": 0}
{"timestamp": "2026-08-04T01:50:25.319Z", "event": "healing_cycle_server_down", "agent_id": "job-application-tracker"}
{"timestamp": "2026-08-04T01:50:25.319Z", "event": "auto_reconnect_started", "agent_id": "job-application-tracker", "max_attempts": 5}
{"timestamp": "2026-08-04T01:50:25.322Z", "event": "auto_reconnect_attempt_failed", "agent_id": "job-application-tracker", "attempt": 1, "next_retry_in_seconds": 1.07}
{"timestamp": "2026-08-04T01:50:26.402Z", "event": "auto_reconnect_attempt_failed", "agent_id": "job-application-tracker", "attempt": 2, "next_retry_in_seconds": 2.63}
{"timestamp": "2026-08-04T01:50:29.041Z", "event": "auto_reconnect_attempt_failed", "agent_id": "job-application-tracker", "attempt": 3, "next_retry_in_seconds": 4.95}
{"timestamp": "2026-08-04T01:50:34.001Z", "event": "auto_reconnect_attempt_failed", "agent_id": "job-application-tracker", "attempt": 4, "next_retry_in_seconds": 8.66}
{"timestamp": "2026-08-04T01:50:42.669Z", "event": "auto_reconnect_attempt_failed", "agent_id": "job-application-tracker", "attempt": 5, "next_retry_in_seconds": 16.96}
{"timestamp": "2026-08-04T01:50:59.633Z", "event": "auto_reconnect_exhausted", "agent_id": "job-application-tracker", "consecutive_failures": 26}
{"timestamp": "2026-08-04T01:51:11.885Z", "event": "totals_reported", "agent_id": "job-application-tracker", "total": 0}
{"timestamp": "2026-08-04T01:51:14.642Z", "event": "healing_cycle_server_down", "agent_id": "job-application-tracker"}
{"timestamp": "2026-08-04T01:51:14.642Z", "event": "auto_reconnect_started", "agent_id": "job-application-tracker", "max_attempts": 5}
{"timestamp": "2026-08-04T01:51:14.645Z", "event": "auto_reconnect_attempt_failed", "agent_id": "job-application-tracker", "attempt": 1, "next_retry_in_seconds": 1.81}
{"timestamp": "2026-08-04T01:51:16.464Z", "event": "auto_reconnect_attempt_failed", "agent_id": "job-application-tracker", "attempt": 2, "next_retry_in_seconds": 2.38}
{"timestamp": "2026-08-04T01:51:18.850Z", "event": "auto_reconnect_attempt_failed", "agent_id": "job-application-tracker", "attempt": 3, "next_retry_in_seconds": 4.03}
{"timestamp": "2026-08-04T01:51:22.892Z", "event": "auto_reconnect_attempt_failed", "agent_id": "job-application-tracker", "attempt": 4, "next_retry_in_seconds": 8.3}
{"timestamp": "2026-08-04T01:51:31.203Z", "event": "auto_reconnect_attempt_failed", "agent_id": "job-application-tracker", "attempt": 5, "next_retry_in_seconds": 16.05}
{"timestamp": "2026-08-04T01:51:47.253Z", "event": "auto_reconnect_exhausted", "agent_id": "job-application-tracker", "consecutive_failures": 27}
{"timestamp": "2026-08-04T01:52:02.262Z", "event": "healing_cycle_server_down", "agent_id": "job-application-tracker"}
{"timestamp": "2026-08-04T01:52:02.262Z", "event": "auto_reconnect_started", "agent_id": "job-application-tracker", "max_attempts": 5}
{"timestamp": "2026-08-04T01:52:02.265Z", "event": "auto_reconnect_attempt_failed", "agent_id": "job-application-tracker", "attempt": 1, "next_retry_in_seconds": 1.33}
{"timestamp": "2026-08-04T01:52:03.599Z", "event": "auto_reconnect_attempt_failed", "agent_id": "job-application-tracker", "attempt": 2, "next_retry_in_seconds": 2.16}
{"timestamp": "2026-08-04T01:52:05.769Z", "event": "auto_reconnect_attempt_failed", "agent_id": "job-application-tracker", "attempt": 3, "next_retry_in_seconds": 4.54}
{"timestamp": "2026-08-04T01:52:10.320Z", "event": "auto_reconnect_attempt_failed", "agent_id": "job-application-tracker", "attempt": 4, "next_retry_in_seconds": 8.71}
{"timestamp": "2026-08-04T01:52:11.896Z", "event": "totals_reported", "agent_id": "job-application-tracker", "total": 0}
{"timestamp": "2026-08-04T01:52:19.040Z", "event": "auto_reconnect_attempt_failed", "agent_id": "job-application-tracker", "attempt": 5, "next_retry_in_seconds": 16.94}
{"timestamp": "2026-08-04T01:52:35.982Z", "event": "auto_reconnect_exhausted", "agent_id": "job-application-tracker", "consecutive_failures": 28}
{"timestamp": "2026-08-04T01:52:50.993Z", "event": "healing_cycle_server_down", "agent_id": "job-application-tracker"}
{"timestamp": "2026-08-04T01:52:50.993Z", "event": "auto_reconnect_started", "agent_id": "job-application-tracker", "max_attempts": 5}
{"timestamp": "2026-08-04T01:52:50.996Z", "event": "auto_reconnect_attempt_failed", "agent_id": "job-application-tracker", "attempt": 1, "next_retry_in_seconds": 1.96}
{"timestamp": "2026-08-04T01:52:52.967Z", "event": "auto_reconnect_attempt_failed", "agent_id": "job-application-tracker", "attempt": 2, "next_retry_in_seconds": 2.61}
{"timestamp": "2026-08-04T01:52:55.582Z", "event": "auto_reconnect_attempt_failed", "agent_id": "job-application-tracker", "attempt": 3, "next_retry_in_seconds": 4.32}
{"timestamp": "2026-08-04T01:52:59.916Z", "event": "auto_reconnect_attempt_failed", "agent_id": "job-application-tracker", "attempt": 4, "next_retry_in_seconds": 8.51}
{"timestamp": "2026-08-04T01:53:08.436Z", "event": "auto_reconnect_attempt_failed", "agent_id": "job-application-tracker", "attempt": 5, "next_retry_in_seconds": 16.87}
{"timestamp": "2026-08-04T01:53:11.906Z", "event": "totals_reported", "agent_id": "job-application-tracker", "total": 0}
{"timestamp": "2026-08-04T01:53:25.308Z", "event": "auto_reconnect_exhausted", "agent_id": "job-application-tracker", "consecutive_failures": 29}
{"timestamp": "2026-08-04T01:53:40.318Z", "event": "healing_cycle_server_down", "agent_id": "job-application-tracker"}
{"timestamp": "2026-08-04T01:53:40.318Z", "event": "auto_reconnect_started", "agent_id": "job-application-tracker", "max_attempts": 5}
{"timestamp": "2026-08-04T01:53:40.321Z", "event": "auto_reconnect_attempt_failed", "agent_id": "job-application-tracker", "attempt": 1, "next_retry_in_seconds": 1.48}
{"timestamp": "2026-08-04T01:53:41.808Z", "event": "auto_reconnect_attempt_failed", "agent_id": "job-application-tracker", "attempt": 2, "next_retry_in_seconds": 2.88}
{"timestamp": "2026-08-04T01:53:44.696Z", "event": "auto_reconnect_attempt_failed", "agent_id": "job-application-tracker", "attempt": 3, "next_retry_in_seconds": 4.43}
{"timestamp": "2026-08-04T01:53:49.131Z", "event": "auto_reconnect_attempt_failed", "agent_id": "job-application-tracker", "attempt": 4, "next_retry_in_seconds": 8.86}
{"timestamp": "2026-08-04T01:53:58.001Z", "event": "auto_reconnect_attempt_failed", "agent_id": "job-application-tracker", "attempt": 5, "next_retry_in_seconds": 16.26}
{"timestamp": "2026-08-04T01:54:11.917Z", "event": "totals_reported", "agent_id": "job-application-tracker", "total": 0}
{"timestamp": "2026-08-04T01:54:14.265Z", "event": "auto_reconnect_exhausted", "agent_id": "job-application-tracker", "consecutive_failures": 30}
{"timestamp": "2026-08-04T01:54:29.273Z", "event": "healing_cycle_server_down", "agent_id": "job-application-tracker"}
{"timestamp": "2026-08-04T01:54:29.273Z", "event": "auto_reconnect_started", "agent_id": "job-application-tracker", "max_attempts": 5}
{"timestamp": "2026-08-04T01:54:29.277Z", "event": "auto_reconnect_attempt_failed", "agent_id": "job-application-tracker", "attempt": 1, "next_retry_in_seconds": 1.24}
{"timestamp": "2026-08-04T01:54:30.529Z", "event": "auto_reconnect_attempt_failed", "agent_id": "job-application-tracker", "attempt": 2, "next_retry_in_seconds": 2.17}
{"timestamp": "2026-08-04T01:54:32.701Z", "event": "auto_reconnect_attempt_failed", "agent_id": "job-application-tracker", "attempt": 3, "next_retry_in_seconds": 4.39}
{"timestamp": "2026-08-04T01:54:37.097Z", "event": "auto_reconnect_attempt_failed", "agent_id": "job-application-tracker", "attempt": 4, "next_retry_in_seconds": 8.46}
{"timestamp": "2026-08-04T01:54:45.565Z", "event": "auto_reconnect_attempt_failed", "agent_id": "job-application-tracker", "attempt": 5, "next_retry_in_seconds": 16.14}
{"timestamp": "2026-08-04T01:55:01.766Z", "event": "auto_reconnect_exhausted", "agent_id": "job-application-tracker", "consecutive_failures": 31}
{"timestamp": "2026-08-04T01:55:11.981Z", "event": "totals_reported", "agent_id": "job-application-tracker", "total": 0}
{"timestamp": "2026-08-04T01:55:16.776Z", "event": "healing_cycle_server_down", "agent_id": "job-application-tracker"}
{"timestamp": "2026-08-04T01:55:16.776Z", "event": "auto_reconnect_started", "agent_id": "job-application-tracker", "max_attempts": 5}
{"timestamp": "2026-08-04T01:55:16.779Z", "event": "auto_reconnect_attempt_failed", "agent_id": "job-application-tracker", "attempt": 1, "next_retry_in_seconds": 1.25}
{"timestamp": "2026-08-04T01:55:18.033Z", "event": "auto_reconnect_attempt_failed", "agent_id": "job-application-tracker", "attempt": 2, "next_retry_in_seconds": 2.85}
{"timestamp": "2026-08-04T01:55:20.890Z", "event": "auto_reconnect_attempt_failed", "agent_id": "job-application-tracker", "attempt": 3, "next_retry_in_seconds": 4.28}
{"timestamp": "2026-08-04T01:55:25.175Z", "event": "auto_reconnect_attempt_failed", "agent_id": "job-application-tracker", "attempt": 4, "next_retry_in_seconds": 8.77}
{"timestamp": "2026-08-04T01:55:33.957Z", "event": "auto_reconnect_attempt_failed", "agent_id": "job-application-tracker", "attempt": 5, "next_retry_in_seconds": 16.27}
{"timestamp": "2026-08-04T02:11:18.008Z", "event": "auto_reconnect_exhausted", "agent_id": "job-application-tracker", "consecutive_failures": 32}
{"timestamp": "2026-08-04T02:11:33.018Z", "event": "queue_healer_no_queue", "agent_id": "job-application-tracker"}
{"timestamp": "2026-08-04T02:11:39.767Z", "event": "totals_reported", "agent_id": "job-application-tracker", "total": 0}
{"timestamp": "2026-08-04T02:11:48.026Z", "event": "queue_healer_no_queue", "agent_id": "job-application-tracker"}
{"timestamp": "2026-08-04T02:12:03.089Z", "event": "queue_healer_no_queue", "agent_id": "job-application-tracker"}
{"timestamp": "2026-08-04T02:12:18.098Z", "event": "queue_healer_no_queue", "agent_id": "job-application-tracker"}
{"timestamp": "2026-08-04T02:12:33.107Z", "event": "queue_healer_no_queue", "agent_id": "job-application-tracker"}
{"timestamp": "2026-08-04T02:12:39.832Z", "event": "totals_reported", "agent_id": "job-application-tracker", "total": 0}
{"timestamp": "2026-08-04T02:30:30.948Z", "event": "queue_healer_no_queue", "agent_id": "job-application-tracker"}
{"timestamp": "2026-08-04T02:30:45.957Z", "event": "queue_healer_no_queue", "agent_id": "job-application-tracker"}
{"timestamp": "2026-08-04T02:31:00.966Z", "event": "queue_healer_no_queue", "agent_id": "job-application-tracker"}
{"timestamp": "2026-08-04T02:31:16.031Z", "event": "queue_healer_no_queue", "agent_id": "job-application-tracker"}
{"timestamp": "2026-08-04T02:31:22.732Z", "event": "totals_reported", "agent_id": "job-application-tracker", "total": 0}
{"timestamp": "2026-08-04T02:31:31.039Z", "event": "queue_healer_no_queue", "agent_id": "job-application-tracker"}
{"timestamp": "2026-08-04T02:31:46.049Z", "event": "queue_healer_no_queue", "agent_id": "job-application-tracker"}
{"timestamp": "2026-08-04T02:32:01.058Z", "event": "queue_healer_no_queue", "agent_id": "job-application-tracker"}
{"timestamp": "2026-08-04T02:45:41.909Z", "event": "queue_healer_no_queue", "agent_id": "job-application-tracker"}
{"timestamp": "2026-08-04T02:45:48.579Z", "event": "totals_reported", "agent_id": "job-application-tracker", "total": 0}
{"timestamp": "2026-08-04T02:45:56.918Z", "event": "queue_healer_no_queue", "agent_id": "job-application-tracker"}
{"timestamp": "2026-08-04T02:46:11.925Z", "event": "queue_healer_no_queue", "agent_id": "job-application-tracker"}
{"timestamp": "2026-08-04T02:46:26.933Z", "event": "queue_healer_no_queue", "agent_id": "job-application-tracker"}
{"timestamp": "2026-08-04T02:46:41.941Z", "event": "queue_healer_no_queue", "agent_id": "job-application-tracker"}
{"timestamp": "2026-08-04T02:46:48.590Z", "event": "totals_reported", "agent_id": "job-application-tracker", "total": 0}
{"timestamp": "2026-08-04T02:46:56.948Z", "event": "queue_healer_no_queue", "agent_id": "job-application-tracker"}
{"timestamp": "2026-08-04T02:47:11.956Z", "event": "queue_healer_no_queue", "agent_id": "job-application-tracker"}
{"timestamp": "2026-08-04T02:47:26.964Z", "event": "queue_healer_no_queue", "agent_id": "job-application-tracker"}
{"timestamp": "2026-08-04T02:47:41.972Z", "event": "queue_healer_no_queue", "agent_id": "job-application-tracker"}
{"timestamp": "2026-08-04T02:47:48.597Z", "event": "totals_reported", "agent_id": "job-application-tracker", "total": 0}
{"timestamp": "2026-08-04T02:47:56.981Z", "event": "queue_healer_no_queue", "agent_id": "job-application-tracker"}
{"timestamp": "2026-08-04T02:48:11.989Z", "event": "queue_healer_no_queue", "agent_id": "job-application-tracker"}
{"timestamp": "2026-08-04T02:48:26.997Z", "event": "queue_healer_no_queue", "agent_id": "job-application-tracker"}
{"timestamp": "2026-08-04T02:48:42.003Z", "event": "queue_healer_no_queue", "agent_id": "job-application-tracker"}
{"timestamp": "2026-08-04T02:48:48.606Z", "event": "totals_reported", "agent_id": "job-application-tracker", "total": 0}
{"timestamp": "2026-08-04T02:48:57.010Z", "event": "queue_healer_no_queue", "agent_id": "job-application-tracker"}
{"timestamp": "2026-08-04T02:49:12.019Z", "event": "queue_healer_no_queue", "agent_id": "job-application-tracker"}
{"timestamp": "2026-08-04T02:49:27.026Z", "event": "queue_healer_no_queue", "agent_id": "job-application-tracker"}
{"timestamp": "2026-08-04T02:49:42.035Z", "event": "queue_healer_no_queue", "agent_id": "job-application-tracker"}
{"timestamp": "2026-08-04T02:49:48.615Z", "event": "totals_reported", "agent_id": "job-application-tracker", "total": 0}
{"timestamp": "2026-08-04T02:49:57.043Z", "event": "queue_healer_no_queue", "agent_id": "job-application-tracker"}
{"timestamp": "2026-08-04T02:50:12.048Z", "event": "queue_healer_no_queue", "agent_id": "job-application-tracker"}
{"timestamp": "2026-08-04T02:50:27.056Z", "event": "queue_healer_no_queue", "agent_id": "job-application-tracker"}
{"timestamp": "2026-08-04T02:50:42.062Z", "event": "queue_healer_no_queue", "agent_id": "job-application-tracker"}
{"timestamp": "2026-08-04T02:50:48.625Z", "event": "totals_reported", "agent_id": "job-application-tracker", "total": 0}
{"timestamp": "2026-08-04T02:50:57.069Z", "event": "queue_healer_no_queue", "agent_id": "job-application-tracker"}
{"timestamp": "2026-08-04T02:51:12.076Z", "event": "queue_healer_no_queue", "agent_id": "job-application-tracker"}
{"timestamp": "2026-08-04T02:51:27.084Z", "event": "queue_healer_no_queue", "agent_id": "job-application-tracker"}
{"timestamp": "2026-08-04T02:51:42.093Z", "event": "queue_healer_no_queue", "agent_id": "job-application-tracker"}
{"timestamp": "2026-08-04T02:51:48.635Z", "event": "totals_reported", "agent_id": "job-application-tracker", "total": 0}
{"timestamp": "2026-08-04T02:51:57.099Z", "event": "queue_healer_no_queue", "agent_id": "job-application-tracker"}
{"timestamp": "2026-08-04T02:52:12.107Z", "event": "queue_healer_no_queue", "agent_id": "job-application-tracker"}
{"timestamp": "2026-08-04T02:52:27.115Z", "event": "queue_healer_no_queue", "agent_id": "job-application-tracker"}
{"timestamp": "2026-08-04T02:52:42.123Z", "event": "queue_healer_no_queue", "agent_id": "job-application-tracker"}
{"timestamp": "2026-08-04T02:52:48.645Z", "event": "totals_reported", "agent_id": "job-application-tracker", "total": 0}
{"timestamp": "2026-08-04T02:52:57.129Z", "event": "queue_healer_no_queue", "agent_id": "job-application-tracker"}
{"timestamp": "2026-08-04T02:53:12.137Z", "event": "queue_healer_no_queue", "agent_id": "job-application-tracker"}
{"timestamp": "2026-08-04T02:53:27.141Z", "event": "queue_healer_no_queue", "agent_id": "job-application-tracker"}
{"timestamp": "2026-08-04T02:53:42.147Z", "event": "queue_healer_no_queue", "agent_id": "job-application-tracker"}
{"timestamp": "2026-08-04T02:53:48.654Z", "event": "totals_reported", "agent_id": "job-application-tracker", "total": 0}
{"timestamp": "2026-08-04T02:53:57.155Z", "event": "queue_healer_no_queue", "agent_id": "job-application-tracker"}
{"timestamp": "2026-08-04T02:54:12.163Z", "event": "queue_healer_no_queue", "agent_id": "job-application-tracker"}
{"timestamp": "2026-08-04T02:54:27.172Z", "event": "queue_healer_no_queue", "agent_id": "job-application-tracker"}
{"timestamp": "2026-08-04T02:54:42.179Z", "event": "queue_healer_no_queue", "agent_id": "job-application-tracker"}
{"timestamp": "2026-08-04T02:54:48.665Z", "event": "totals_reported", "agent_id": "job-application-tracker", "total": 0}
{"timestamp": "2026-08-04T02:54:57.186Z", "event": "queue_healer_no_queue", "agent_id": "job-application-tracker"}
{"timestamp": "2026-08-04T02:55:12.196Z", "event": "healing_cycle_server_down", "agent_id": "job-application-tracker"}
{"timestamp": "2026-08-04T02:55:12.196Z", "event": "auto_reconnect_started", "agent_id": "job-application-tracker", "max_attempts": 5}
{"timestamp": "2026-08-04T02:55:12.200Z", "event": "auto_reconnect_attempt_failed", "agent_id": "job-application-tracker", "attempt": 1, "next_retry_in_seconds": 1.53}
{"timestamp": "2026-08-04T02:55:13.734Z", "event": "auto_reconnect_attempt_failed", "agent_id": "job-application-tracker", "attempt": 2, "next_retry_in_seconds": 2.03}
{"timestamp": "2026-08-04T02:55:15.774Z", "event": "auto_reconnect_attempt_failed", "agent_id": "job-application-tracker", "attempt": 3, "next_retry_in_seconds": 4.09}
{"timestamp": "2026-08-04T02:55:19.876Z", "event": "auto_reconnect_attempt_failed", "agent_id": "job-application-tracker", "attempt": 4, "next_retry_in_seconds": 8.34}
{"timestamp": "2026-08-04T02:55:28.226Z", "event": "auto_reconnect_attempt_failed", "agent_id": "job-application-tracker", "attempt": 5, "next_retry_in_seconds": 16.62}
{"timestamp": "2026-08-04T02:55:44.853Z", "event": "auto_reconnect_exhausted", "agent_id": "job-application-tracker", "consecutive_failures": 33}
{"timestamp": "2026-08-04T02:55:48.674Z", "event": "totals_reported", "agent_id": "job-application-tracker", "total": 0}
{"timestamp": "2026-08-04T02:55:59.861Z", "event": "healing_cycle_server_down", "agent_id": "job-application-tracker"}
{"timestamp": "2026-08-04T02:55:59.861Z", "event": "auto_reconnect_started", "agent_id": "job-application-tracker", "max_attempts": 5}
{"timestamp": "2026-08-04T02:55:59.864Z", "event": "auto_reconnect_attempt_failed", "agent_id": "job-application-tracker", "attempt": 1, "next_retry_in_seconds": 1.94}
{"timestamp": "2026-08-04T02:56:01.813Z", "event": "auto_reconnect_attempt_failed", "agent_id": "job-application-tracker", "attempt": 2, "next_retry_in_seconds": 2.03}
{"timestamp": "2026-08-04T02:56:03.850Z", "event": "auto_reconnect_attempt_failed", "agent_id": "job-application-tracker", "attempt": 3, "next_retry_in_seconds": 4.9}
{"timestamp": "2026-08-04T02:56:08.758Z", "event": "auto_reconnect_attempt_failed", "agent_id": "job-application-tracker", "attempt": 4, "next_retry_in_seconds": 8.87}
{"timestamp": "2026-08-04T02:56:17.634Z", "event": "auto_reconnect_attempt_failed", "agent_id": "job-application-tracker", "attempt": 5, "next_retry_in_seconds": 16.7}
{"timestamp": "2026-08-04T02:56:34.338Z", "event": "auto_reconnect_exhausted", "agent_id": "job-application-tracker", "consecutive_failures": 34}
{"timestamp": "2026-08-04T02:56:48.685Z", "event": "totals_reported", "agent_id": "job-application-tracker", "total": 0}
{"timestamp": "2026-08-04T02:56:49.346Z", "event": "healing_cycle_server_down", "agent_id": "job-application-tracker"}
{"timestamp": "2026-08-04T02:56:49.347Z", "event": "auto_reconnect_started", "agent_id": "job-application-tracker", "max_attempts": 5}
{"timestamp": "2026-08-04T02:56:49.350Z", "event": "auto_reconnect_attempt_failed", "agent_id": "job-application-tracker", "attempt": 1, "next_retry_in_seconds": 1.52}
{"timestamp": "2026-08-04T02:56:50.874Z", "event": "auto_reconnect_attempt_failed", "agent_id": "job-application-tracker", "attempt": 2, "next_retry_in_seconds": 2.91}
{"timestamp": "2026-08-04T02:56:53.788Z", "event": "auto_reconnect_attempt_failed", "agent_id": "job-application-tracker", "attempt": 3, "next_retry_in_seconds": 4.47}
{"timestamp": "2026-08-04T02:56:58.266Z", "event": "auto_reconnect_attempt_failed", "agent_id": "job-application-tracker", "attempt": 4, "next_retry_in_seconds": 8.26}
{"timestamp": "2026-08-04T02:57:06.530Z", "event": "auto_reconnect_attempt_failed", "agent_id": "job-application-tracker", "attempt": 5, "next_retry_in_seconds": 16.95}
{"timestamp": "2026-08-04T02:57:23.478Z", "event": "auto_reconnect_exhausted", "agent_id": "job-application-tracker", "consecutive_failures": 35}
{"timestamp": "2026-08-04T02:57:38.489Z", "event": "healing_cycle_server_down", "agent_id": "job-application-tracker"}
{"timestamp": "2026-08-04T02:57:38.489Z", "event": "auto_reconnect_started", "agent_id": "job-application-tracker", "max_attempts": 5}
{"timestamp": "2026-08-04T02:57:38.493Z", "event": "auto_reconnect_attempt_failed", "agent_id": "job-application-tracker", "attempt": 1, "next_retry_in_seconds": 1.1}
{"timestamp": "2026-08-04T02:57:39.602Z", "event": "auto_reconnect_attempt_failed", "agent_id": "job-application-tracker", "attempt": 2, "next_retry_in_seconds": 2.06}
{"timestamp": "2026-08-04T02:57:41.675Z", "event": "auto_reconnect_attempt_failed", "agent_id": "job-application-tracker", "attempt": 3, "next_retry_in_seconds": 4.84}
{"timestamp": "2026-08-04T02:57:46.515Z", "event": "auto_reconnect_attempt_failed", "agent_id": "job-application-tracker", "attempt": 4, "next_retry_in_seconds": 8.05}
{"timestamp": "2026-08-04T02:57:48.691Z", "event": "totals_reported", "agent_id": "job-application-tracker", "total": 0}
{"timestamp": "2026-08-04T02:57:54.574Z", "event": "auto_reconnect_attempt_failed", "agent_id": "job-application-tracker", "attempt": 5, "next_retry_in_seconds": 16.76}
{"timestamp": "2026-08-04T02:58:11.337Z", "event": "auto_reconnect_exhausted", "agent_id": "job-application-tracker", "consecutive_failures": 36}
{"timestamp": "2026-08-04T02:58:26.344Z", "event": "healing_cycle_server_down", "agent_id": "job-application-tracker"}
{"timestamp": "2026-08-04T02:58:26.345Z", "event": "auto_reconnect_started", "agent_id": "job-application-tracker", "max_attempts": 5}
{"timestamp": "2026-08-04T02:58:26.348Z", "event": "auto_reconnect_attempt_failed", "agent_id": "job-application-tracker", "attempt": 1, "next_retry_in_seconds": 1.19}
{"timestamp": "2026-08-04T02:58:27.545Z", "event": "auto_reconnect_attempt_failed", "agent_id": "job-application-tracker", "attempt": 2, "next_retry_in_seconds": 2.68}
{"timestamp": "2026-08-04T02:58:30.235Z", "event": "auto_reconnect_attempt_failed", "agent_id": "job-application-tracker", "attempt": 3, "next_retry_in_seconds": 4.48}
{"timestamp": "2026-08-04T02:58:34.719Z", "event": "auto_reconnect_attempt_failed", "agent_id": "job-application-tracker", "attempt": 4, "next_retry_in_seconds": 8.67}
{"timestamp": "2026-08-04T02:58:43.400Z", "event": "auto_reconnect_attempt_failed", "agent_id": "job-application-tracker", "attempt": 5, "next_retry_in_seconds": 16.79}
{"timestamp": "2026-08-04T02:58:48.701Z", "event": "totals_reported", "agent_id": "job-application-tracker", "total": 0}
{"timestamp": "2026-08-04T02:59:00.196Z", "event": "auto_reconnect_exhausted", "agent_id": "job-application-tracker", "consecutive_failures": 37}
{"timestamp": "2026-08-04T02:59:15.206Z", "event": "healing_cycle_server_down", "agent_id": "job-application-tracker"}
{"timestamp": "2026-08-04T02:59:15.206Z", "event": "auto_reconnect_started", "agent_id": "job-application-tracker", "max_attempts": 5}
{"timestamp": "2026-08-04T02:59:15.209Z", "event": "auto_reconnect_attempt_failed", "agent_id": "job-application-tracker", "attempt": 1, "next_retry_in_seconds": 1.06}
{"timestamp": "2026-08-04T02:59:16.276Z", "event": "auto_reconnect_attempt_failed", "agent_id": "job-application-tracker", "attempt": 2, "next_retry_in_seconds": 2.05}
{"timestamp": "2026-08-04T02:59:18.330Z", "event": "auto_reconnect_attempt_failed", "agent_id": "job-application-tracker", "attempt": 3, "next_retry_in_seconds": 4.99}
{"timestamp": "2026-08-04T02:59:23.328Z", "event": "auto_reconnect_attempt_failed", "agent_id": "job-application-tracker", "attempt": 4, "next_retry_in_seconds": 8.46}
{"timestamp": "2026-08-04T02:59:31.796Z", "event": "auto_reconnect_attempt_failed", "agent_id": "job-application-tracker", "attempt": 5, "next_retry_in_seconds": 16.25}
{"timestamp": "2026-08-04T02:59:48.045Z", "event": "auto_reconnect_exhausted", "agent_id": "job-application-tracker", "consecutive_failures": 38}
{"timestamp": "2026-08-04T02:59:48.707Z", "event": "totals_reported", "agent_id": "job-application-tracker", "total": 0}
{"timestamp": "2026-08-04T03:00:03.053Z", "event": "healing_cycle_server_down", "agent_id": "job-application-tracker"}
{"timestamp": "2026-08-04T03:00:03.053Z", "event": "auto_reconnect_started", "agent_id": "job-application-tracker", "max_attempts": 5}
{"timestamp": "2026-08-04T03:00:03.056Z", "event": "auto_reconnect_attempt_failed", "agent_id": "job-application-tracker", "attempt": 1, "next_retry_in_seconds": 1.34}
{"timestamp": "2026-08-04T03:00:04.399Z", "event": "auto_reconnect_attempt_failed", "agent_id": "job-application-tracker", "attempt": 2, "next_retry_in_seconds": 2.44}
{"timestamp": "2026-08-04T03:00:06.848Z", "event": "auto_reconnect_attempt_failed", "agent_id": "job-application-tracker", "attempt": 3, "next_retry_in_seconds": 4.4}
{"timestamp": "2026-08-04T03:00:11.254Z", "event": "auto_reconnect_attempt_failed", "agent_id": "job-application-tracker", "attempt": 4, "next_retry_in_seconds": 8.48}
{"timestamp": "2026-08-04T03:00:19.746Z", "event": "auto_reconnect_attempt_failed", "agent_id": "job-application-tracker", "attempt": 5, "next_retry_in_seconds": 16.04}
{"timestamp": "2026-08-04T03:00:35.788Z", "event": "auto_reconnect_exhausted", "agent_id": "job-application-tracker", "consecutive_failures": 39}
